// Jest Snapshot v1, https://goo.gl/fbAQLP

exports[`matches snapshot of single page of elements 1`] = `
<div
  className="panel"
>
  <div
    className="center"
  />
  <ul
    className="MuiGridList-root"
    style={
      Object {
        "margin": -2,
      }
    }
  >
    <li
      className="MuiGridListTile-root"
      style={
        Object {
          "height": "auto",
          "padding": 2,
          "width": "25%",
        }
      }
    >
      <div
        className="MuiGridListTile-tile Component-tile-2"
      >
        <div>
          Element 1
        </div>
      </div>
    </li>
    <li
      className="MuiGridListTile-root"
      style={
        Object {
          "height": "auto",
          "padding": 2,
          "width": "25%",
        }
      }
    >
      <div
        className="MuiGridListTile-tile Component-tile-2"
      >
        <div>
          Element 2
        </div>
      </div>
    </li>
    <li
      className="MuiGridListTile-root"
      style={
        Object {
          "height": "auto",
          "padding": 2,
          "width": "25%",
        }
      }
    >
      <div
        className="MuiGridListTile-tile Component-tile-2"
      >
        <div>
          Element 3
        </div>
      </div>
    </li>
    <li
      className="MuiGridListTile-root"
      style={
        Object {
          "height": "auto",
          "padding": 2,
          "width": "25%",
        }
      }
    >
      <div
        className="MuiGridListTile-tile Component-tile-2"
      >
        <div>
          Element 4
        </div>
      </div>
    </li>
  </ul>
</div>
`;
